.next/types/app/api/support/tickets/[id]/route.ts(49,7): error TS2344: Type '{ __tag__: "GET"; __param_position__: "second"; __param_type__: { params: { id: string; }; }; }' does not satisfy the constraint 'ParamCheck<RouteContext>'.
  The types of '__param_type__.params' are incompatible between these types.
    Type '{ id: string; }' is missing the following properties from type 'Promise<any>': then, catch, finally, [Symbol.toStringTag]
app/(frontend)/administrator/(dashboard)/products/page.tsx(11,5): error TS2322: Type '"products"' is not assignable to type '"users" | "media" | "payload-kv" | "payload-locked-documents" | "payload-preferences" | "payload-migrations"'.
app/(frontend)/administrator/(dashboard)/products/page.tsx(19,5): error TS2322: Type '"products"' is not assignable to type '"users" | "media" | "payload-kv" | "payload-locked-documents" | "payload-preferences" | "payload-migrations"'.
app/(frontend)/auth/page.tsx(24,24): error TS18047: 'searchParams' is possibly 'null'.
app/(frontend)/auth/reset-password/page.tsx(21,17): error TS18047: 'searchParams' is possibly 'null'.
app/(frontend)/auth/verify/page.tsx(21,17): error TS18047: 'searchParams' is possibly 'null'.
app/(frontend)/order-failure/page.tsx(12,20): error TS18047: 'searchParams' is possibly 'null'.
app/(frontend)/order-success/page.tsx(18,19): error TS18047: 'searchParams' is possibly 'null'.
app/(frontend)/order-success/page.tsx(19,26): error TS18047: 'searchParams' is possibly 'null'.
app/(frontend)/order-success/page.tsx(20,22): error TS18047: 'searchParams' is possibly 'null'.
app/(frontend)/order-success/page.tsx(22,21): error TS18047: 'searchParams' is possibly 'null'.
app/(frontend)/order-success/page.tsx(23,27): error TS18047: 'searchParams' is possibly 'null'.
app/(frontend)/order-success/page.tsx(24,21): error TS18047: 'searchParams' is possibly 'null'.
app/(frontend)/seller/invite/accept/page.tsx(14,17): error TS18047: 'searchParams' is possibly 'null'.
components/admin/AdminTopNav.tsx(36,21): error TS18047: 'pathname' is possibly 'null'.
components/navbar.tsx(73,41): error TS2345: Argument of type 'string | null' is not assignable to parameter of type 'string'.
  Type 'null' is not assignable to type 'string'.
components/navbar.tsx(106,37): error TS2345: Argument of type 'string | null' is not assignable to parameter of type 'string'.
  Type 'null' is not assignable to type 'string'.
components/products/ProductFilters.tsx(40,42): error TS18047: 'searchParams' is possibly 'null'.
components/products/ProductFilters.tsx(57,40): error TS18047: 'searchParams' is possibly 'null'.
components/products/ProductFilters.tsx(70,40): error TS18047: 'searchParams' is possibly 'null'.
components/products/ProductSort.tsx(23,42): error TS18047: 'searchParams' is possibly 'null'.
components/products/ProductSort.tsx(36,15): error TS18047: 'searchParams' is possibly 'null'.
components/products/ProductSort.tsx(36,43): error TS18047: 'searchParams' is possibly 'null'.
components/products/ProductSort.tsx(47,13): error TS18047: 'searchParams' is possibly 'null'.
components/seller/EditOrderAddressModal.tsx(6,10): error TS2305: Module '"@/app/(frontend)/seller/actions/orders"' has no exported member 'updateOrderAddressAction'.
components/seller/TopNav.tsx(73,21): error TS18047: 'pathname' is possibly 'null'.
lib/delhivery.ts(299,40): error TS2367: This comparison appears to be unintentional because the types '"Pre-paid" | "Prepaid"' and '"COD"' have no overlap.
lib/realtime.ts(1,28): error TS2307: Cannot find module 'socket.io-client' or its corresponding type declarations.
lib/realtime.ts(72,32): error TS7006: Parameter 'data' implicitly has an 'any' type.
lib/realtime.ts(78,37): error TS7006: Parameter 'data' implicitly has an 'any' type.
lib/realtime.ts(84,30): error TS7006: Parameter 'data' implicitly has an 'any' type.
lib/realtime.ts(90,38): error TS7006: Parameter 'error' implicitly has an 'any' type.
scripts/fix-broken-sellers.ts(26,7): error TS2322: Type '"products"' is not assignable to type '"users" | "media" | "payload-kv" | "payload-locked-documents" | "payload-preferences" | "payload-migrations"'.
scripts/fix-broken-sellers.ts(38,40): error TS2339: Property 'seller' does not exist on type 'DataFromCollectionSlug<"users" | "media" | "payload-kv" | "payload-locked-documents" | "payload-preferences" | "payload-migrations">'.
  Property 'seller' does not exist on type 'User'.
scripts/fix-broken-sellers.ts(38,64): error TS2339: Property 'seller' does not exist on type 'DataFromCollectionSlug<"users" | "media" | "payload-kv" | "payload-locked-documents" | "payload-preferences" | "payload-migrations">'.
  Property 'seller' does not exist on type 'User'.
scripts/fix-broken-sellers.ts(38,76): error TS2339: Property 'seller' does not exist on type 'DataFromCollectionSlug<"users" | "media" | "payload-kv" | "payload-locked-documents" | "payload-preferences" | "payload-migrations">'.
  Property 'seller' does not exist on type 'User'.
scripts/fix-broken-sellers.ts(41,46): error TS2339: Property 'name' does not exist on type 'DataFromCollectionSlug<"users" | "media" | "payload-kv" | "payload-locked-documents" | "payload-preferences" | "payload-migrations">'.
  Property 'name' does not exist on type 'User'.
scripts/fix-broken-sellers.ts(42,55): error TS2339: Property 'seller' does not exist on type 'DataFromCollectionSlug<"users" | "media" | "payload-kv" | "payload-locked-documents" | "payload-preferences" | "payload-migrations">'.
  Property 'seller' does not exist on type 'User'.
scripts/fix-broken-sellers.ts(49,40): error TS2339: Property 'name' does not exist on type 'DataFromCollectionSlug<"users" | "media" | "payload-kv" | "payload-locked-documents" | "payload-preferences" | "payload-migrations">'.
  Property 'name' does not exist on type 'User'.
scripts/fix-broken-sellers.ts(51,42): error TS2769: No overload matches this call.
  Overload 2 of 2, '(options: ByIDOptions<"users" | "media" | "payload-kv" | "payload-locked-documents" | "payload-preferences" | "payload-migrations", SelectFromCollectionSlug<"users" | "media" | "payload-kv" | "payload-locked-documents" | "payload-preferences" | "payload-migrations">>): Promise<...>', gave the following error.
    Type '"products"' is not assignable to type '"users" | "media" | "payload-kv" | "payload-locked-documents" | "payload-preferences" | "payload-migrations"'.
  Overload 2 of 2, '(options: ByIDOptions<"users" | "media" | "payload-kv" | "payload-locked-documents" | "payload-preferences" | "payload-migrations", SelectFromCollectionSlug<"users" | "media" | "payload-kv" | "payload-locked-documents" | "payload-preferences" | "payload-migrations">>): Promise<...>', gave the following error.
    Object literal may only specify known properties, and 'seller' does not exist in type '{ email?: string | undefined; hash?: string | null | undefined; lockUntil?: string | null | undefined; loginAttempts?: number | null | undefined; resetPasswordExpiration?: string | null | undefined; ... 7 more ...; id?: string | undefined; } | ... 4 more ... | { ...; }'.
scripts/fix-broken-sellers.ts(58,64): error TS2339: Property 'seller' does not exist on type 'BulkOperationResult<"users" | "media" | "payload-kv" | "payload-locked-documents" | "payload-preferences" | "payload-migrations", SelectFromCollectionSlug<"users" | "media" | "payload-kv" | "payload-locked-documents" | "payload-preferences" | "payload-migrations">>'.
